============================================================
RAM-YUM AI Stock Replenishment System
============================================================
Starting Flask API server...
Database: rms@localhost
============================================================
 * Serving Flask app 'app'
 * Debug mode: on
WARNING: This is a development server. Do not use it in a production deployment. Use a production WSGI server instead.
 * Running on all addresses (0.0.0.0)
 * Running on http://127.0.0.1:5000
 * Running on http://192.168.100.147:5000
Press CTRL+C to quit
 * Restarting with stat
 * Debugger is active!
 * Debugger PIN: 296-425-729
127.0.0.1 - - [24/Sep/2026 22:18:10] "GET /api/health HTTP/1.1" 200 -
127.0.0.1 - - [24/Sep/2026 22:18:11] "GET /api/health HTTP/1.1" 200 -
127.0.0.1 - - [24/Sep/2026 22:18:11] "GET /api/stats HTTP/1.1" 200 -
127.0.0.1 - - [24/Sep/2026 22:18:13] "GET /api/health HTTP/1.1" 200 -
127.0.0.1 - - [24/Sep/2026 22:18:13] "GET /api/stats HTTP/1.1" 200 -
127.0.0.1 - - [24/Sep/2026 22:18:18] "GET /api/health HTTP/1.1" 200 -
127.0.0.1 - - [24/Sep/2026 22:18:18] "GET /api/stats HTTP/1.1" 200 -
127.0.0.1 - - [24/Sep/2026 22:18:20] "GET /api/health HTTP/1.1" 200 -
127.0.0.1 - - [24/Sep/2026 22:18:20] "GET /api/stats HTTP/1.1" 200 -
127.0.0.1 - - [24/Sep/2026 22:18:21] "GET /api/recommendations?limit=20 HTTP/1.1" 500 -
Traceback (most recent call last):
  File "C:\xampp\htdocs\RMS\ai\app.py", line 237, in get_recommendations
    print("\u2713 Database connected")
    ~~~~~^^^^^^^^^^^^^^^^^^^^^^^^
  File "C:\Python314\Lib\encodings\cp1252.py", line 19, in encode
    return codecs.charmap_encode(input,self.errors,encoding_table)[0]
           ~~~~~~~~~~~~~~~~~~~~~^^^^^^^^^^^^^^^^^^^^^^^^^^^^^^^^^^
UnicodeEncodeError: 'charmap' codec can't encode character '\u2713' in position 0: character maps to <undefined>

During handling of the above exception, another exception occurred:

Traceback (most recent call last):
  File "C:\Users\jaylo\AppData\Roaming\Python\Python314\site-packages\flask\app.py", line 1536, in __call__
    return self.wsgi_app(environ, start_response)
           ~~~~~~~~~~~~~^^^^^^^^^^^^^^^^^^^^^^^^^
  File "C:\Users\jaylo\AppData\Roaming\Python\Python314\site-packages\flask\app.py", line 1514, in wsgi_app
    response = self.handle_exception(e)
  File "C:\Users\jaylo\AppData\Roaming\Python\Python314\site-packages\flask_cors\extension.py", line 206, in wrapped_function
    return cors_after_request(app_any.make_response(f(*args, **kwargs)))
                                                    ~^^^^^^^^^^^^^^^^^
  File "C:\Users\jaylo\AppData\Roaming\Python\Python314\site-packages\flask\app.py", line 1511, in wsgi_app
    response = self.full_dispatch_request()
  File "C:\Users\jaylo\AppData\Roaming\Python\Python314\site-packages\flask\app.py", line 919, in full_dispatch_request
    rv = self.handle_user_exception(e)
  File "C:\Users\jaylo\AppData\Roaming\Python\Python314\site-packages\flask_cors\extension.py", line 206, in wrapped_function
    return cors_after_request(app_any.make_response(f(*args, **kwargs)))
                                                    ~^^^^^^^^^^^^^^^^^
  File "C:\Users\jaylo\AppData\Roaming\Python\Python314\site-packages\flask\app.py", line 917, in full_dispatch_request
    rv = self.dispatch_request()
  File "C:\Users\jaylo\AppData\Roaming\Python\Python314\site-packages\flask\app.py", line 902, in dispatch_request
    return self.ensure_sync(self.view_functions[rule.endpoint])(**view_args)  # type: ignore[no-any-return]
           ~~~~~~~~~~~~~~~~~~~~~~~~~~~~~~~~~~~~~~~~~~~~~~~~~~~~^^^^^^^^^^^^^
  File "C:\xampp\htdocs\RMS\ai\app.py", line 319, in get_recommendations
    print("\u2717 RECOMMENDATIONS FAILED")
    ~~~~~^^^^^^^^^^^^^^^^^^^^^^^^^^^^
  File "C:\Python314\Lib\encodings\cp1252.py", line 19, in encode
    return codecs.charmap_encode(input,self.errors,encoding_table)[0]
           ~~~~~~~~~~~~~~~~~~~~~^^^^^^^^^^^^^^^^^^^^^^^^^^^^^^^^^^
UnicodeEncodeError: 'charmap' codec can't encode character '\u2717' in position 0: character maps to <undefined>
127.0.0.1 - - [24/Sep/2026 22:18:24] "POST /api/train HTTP/1.1" 500 -
Traceback (most recent call last):
  File "C:\xampp\htdocs\RMS\ai\app.py", line 69, in train_models
    print("\u2713 Database connected")
    ~~~~~^^^^^^^^^^^^^^^^^^^^^^^^
  File "C:\Python314\Lib\encodings\cp1252.py", line 19, in encode
    return codecs.charmap_encode(input,self.errors,encoding_table)[0]
           ~~~~~~~~~~~~~~~~~~~~~^^^^^^^^^^^^^^^^^^^^^^^^^^^^^^^^^^
UnicodeEncodeError: 'charmap' codec can't encode character '\u2713' in position 0: character maps to <undefined>

During handling of the above exception, another exception occurred:

Traceback (most recent call last):
  File "C:\Users\jaylo\AppData\Roaming\Python\Python314\site-packages\flask\app.py", line 1536, in __call__
    return self.wsgi_app(environ, start_response)
           ~~~~~~~~~~~~~^^^^^^^^^^^^^^^^^^^^^^^^^
  File "C:\Users\jaylo\AppData\Roaming\Python\Python314\site-packages\flask\app.py", line 1514, in wsgi_app
    response = self.handle_exception(e)
  File "C:\Users\jaylo\AppData\Roaming\Python\Python314\site-packages\flask_cors\extension.py", line 206, in wrapped_function
    return cors_after_request(app_any.make_response(f(*args, **kwargs)))
                                                    ~^^^^^^^^^^^^^^^^^
  File "C:\Users\jaylo\AppData\Roaming\Python\Python314\site-packages\flask\app.py", line 1511, in wsgi_app
    response = self.full_dispatch_request()
  File "C:\Users\jaylo\AppData\Roaming\Python\Python314\site-packages\flask\app.py", line 919, in full_dispatch_request
    rv = self.handle_user_exception(e)
  File "C:\Users\jaylo\AppData\Roaming\Python\Python314\site-packages\flask_cors\extension.py", line 206, in wrapped_function
    return cors_after_request(app_any.make_response(f(*args, **kwargs)))
                                                    ~^^^^^^^^^^^^^^^^^
  File "C:\Users\jaylo\AppData\Roaming\Python\Python314\site-packages\flask\app.py", line 917, in full_dispatch_request
    rv = self.dispatch_request()
  File "C:\Users\jaylo\AppData\Roaming\Python\Python314\site-packages\flask\app.py", line 902, in dispatch_request
    return self.ensure_sync(self.view_functions[rule.endpoint])(**view_args)  # type: ignore[no-any-return]
           ~~~~~~~~~~~~~~~~~~~~~~~~~~~~~~~~~~~~~~~~~~~~~~~~~~~~^^^^^^^^^^^^^
  File "C:\xampp\htdocs\RMS\ai\app.py", line 105, in train_models
    print("\u2717 TRAINING FAILED")
    ~~~~~^^^^^^^^^^^^^^^^^^^^^
  File "C:\Python314\Lib\encodings\cp1252.py", line 19, in encode
    return codecs.charmap_encode(input,self.errors,encoding_table)[0]
           ~~~~~~~~~~~~~~~~~~~~~^^^^^^^^^^^^^^^^^^^^^^^^^^^^^^^^^^
UnicodeEncodeError: 'charmap' codec can't encode character '\u2717' in position 0: character maps to <undefined>
127.0.0.1 - - [24/Sep/2026 22:18:31] "GET /api/health HTTP/1.1" 200 -
127.0.0.1 - - [24/Sep/2026 22:18:31] "GET /api/stats HTTP/1.1" 200 -
127.0.0.1 - - [24/Sep/2026 22:18:36] "GET /api/health HTTP/1.1" 200 -
127.0.0.1 - - [24/Sep/2026 22:18:36] "GET /api/stats HTTP/1.1" 200 -
127.0.0.1 - - [24/Sep/2026 22:18:41] "GET /api/stats HTTP/1.1" 200 -
127.0.0.1 - - [24/Sep/2026 22:18:41] "GET /api/health HTTP/1.1" 200 -
127.0.0.1 - - [24/Sep/2026 22:18:43] "GET /api/health HTTP/1.1" 200 -
127.0.0.1 - - [24/Sep/2026 22:18:46] "GET /api/health HTTP/1.1" 200 -
127.0.0.1 - - [24/Sep/2026 22:18:46] "GET /api/stats HTTP/1.1" 200 -
127.0.0.1 - - [24/Sep/2026 22:18:52] "GET /api/health HTTP/1.1" 200 -
127.0.0.1 - - [24/Sep/2026 22:18:52] "GET /api/stats HTTP/1.1" 200 -
127.0.0.1 - - [24/Sep/2026 22:18:57] "GET /api/health HTTP/1.1" 200 -
127.0.0.1 - - [24/Sep/2026 22:18:57] "GET /api/stats HTTP/1.1" 200 -
127.0.0.1 - - [24/Sep/2026 22:19:06] "GET /api/stats HTTP/1.1" 200 -
127.0.0.1 - - [24/Sep/2026 22:19:06] "GET /api/stats HTTP/1.1" 200 -
127.0.0.1 - - [24/Sep/2026 22:19:10] "GET /api/health HTTP/1.1" 200 -
127.0.0.1 - - [24/Sep/2026 22:19:10] "GET /api/stats HTTP/1.1" 200 -
127.0.0.1 - - [24/Sep/2026 22:19:10] "GET /api/recommendations?limit=20 HTTP/1.1" 500 -
Traceback (most recent call last):
  File "C:\xampp\htdocs\RMS\ai\app.py", line 237, in get_recommendations
    print("\u2713 Database connected")
    ~~~~~^^^^^^^^^^^^^^^^^^^^^^^^
  File "C:\Python314\Lib\encodings\cp1252.py", line 19, in encode
    return codecs.charmap_encode(input,self.errors,encoding_table)[0]
           ~~~~~~~~~~~~~~~~~~~~~^^^^^^^^^^^^^^^^^^^^^^^^^^^^^^^^^^
UnicodeEncodeError: 'charmap' codec can't encode character '\u2713' in position 0: character maps to <undefined>

During handling of the above exception, another exception occurred:

Traceback (most recent call last):
  File "C:\Users\jaylo\AppData\Roaming\Python\Python314\site-packages\flask\app.py", line 1536, in __call__
    return self.wsgi_app(environ, start_response)
           ~~~~~~~~~~~~~^^^^^^^^^^^^^^^^^^^^^^^^^
  File "C:\Users\jaylo\AppData\Roaming\Python\Python314\site-packages\flask\app.py", line 1514, in wsgi_app
    response = self.handle_exception(e)
  File "C:\Users\jaylo\AppData\Roaming\Python\Python314\site-packages\flask_cors\extension.py", line 206, in wrapped_function
    return cors_after_request(app_any.make_response(f(*args, **kwargs)))
                                                    ~^^^^^^^^^^^^^^^^^
  File "C:\Users\jaylo\AppData\Roaming\Python\Python314\site-packages\flask\app.py", line 1511, in wsgi_app
    response = self.full_dispatch_request()
  File "C:\Users\jaylo\AppData\Roaming\Python\Python314\site-packages\flask\app.py", line 919, in full_dispatch_request
    rv = self.handle_user_exception(e)
  File "C:\Users\jaylo\AppData\Roaming\Python\Python314\site-packages\flask_cors\extension.py", line 206, in wrapped_function
    return cors_after_request(app_any.make_response(f(*args, **kwargs)))
                                                    ~^^^^^^^^^^^^^^^^^
  File "C:\Users\jaylo\AppData\Roaming\Python\Python314\site-packages\flask\app.py", line 917, in full_dispatch_request
    rv = self.dispatch_request()
  File "C:\Users\jaylo\AppData\Roaming\Python\Python314\site-packages\flask\app.py", line 902, in dispatch_request
    return self.ensure_sync(self.view_functions[rule.endpoint])(**view_args)  # type: ignore[no-any-return]
           ~~~~~~~~~~~~~~~~~~~~~~~~~~~~~~~~~~~~~~~~~~~~~~~~~~~~^^^^^^^^^^^^^
  File "C:\xampp\htdocs\RMS\ai\app.py", line 319, in get_recommendations
    print("\u2717 RECOMMENDATIONS FAILED")
    ~~~~~^^^^^^^^^^^^^^^^^^^^^^^^^^^^
  File "C:\Python314\Lib\encodings\cp1252.py", line 19, in encode
    return codecs.charmap_encode(input,self.errors,encoding_table)[0]
           ~~~~~~~~~~~~~~~~~~~~~^^^^^^^^^^^^^^^^^^^^^^^^^^^^^^^^^^
UnicodeEncodeError: 'charmap' codec can't encode character '\u2717' in position 0: character maps to <undefined>
^C